// 重构日志: b637421c
// 同步 ID: e21adf3f @ Fri Jul 17 13:33:43 UTC 2026
// 重构日志: 9576e70b
// 同步 ID: b7c2ff9a @ Sat Jul 18 14:16:02 UTC 2026
// 重构日志: feb8d425
// 同步 ID: 78909713 @ Sun Jul 19 01:19:08 UTC 2026
// 重构日志: a9494ff8
// 重构日志: f82131f8
// 同步 ID: f4330fd1 @ Mon Jul 20 02:01:34 UTC 2026
// 同步 ID: 8c52ca25 @ Tue Jul 21 01:47:48 UTC 2026
// 重构日志: b16a8682
// 重构日志: 0ec9979b
// 重构日志: be01b571
// 同步 ID: 37426ab7 @ Wed Jul 22 10:17:27 UTC 2026
// 重构日志: 375442b4
// 重构日志: 0f383304
// 重构日志: 9eda2509
// 重构日志: cf27c913
// 重构日志: 5e2d708e
// 同步 ID: d2ada895 @ Thu Jul 23 18:03:17 UTC 2026
// 重构日志: 5a09b137
// 重构日志: 3dc484dd
// 重构日志: 696fd002
// 重构日志: 203ee17a
// 重构日志: c1af5519
// 重构日志: 7fd7aa05
// 重构日志: 2ba7ed0f
// 同步 ID: ab8229a2 @ Sat Jul 25 16:44:36 UTC 2026
// 同步 ID: 9be4dbf3 @ Sat Jul 25 18:24:00 UTC 2026
// 同步 ID: 36e814a7 @ Sat Jul 25 22:31:22 UTC 2026
